// Jest Snapshot v1, https://goo.gl/fbAQLP

exports[`Home renders correctly 1`] = `
<div>
  <header
    class="flex justify-between items-center mb-4"
  >
    <h1
      class="text-2xl"
    >
      ToDos
    </h1>
    <a
      class="border border-slate-300 text-slate-300 px-2 py-1 rounded hover:bg-slate-700 focus-within:bg-slate-700 outline-none"
      href="/new"
    >
      New
    </a>
  </header>
  <ul
    class="pl-4"
  />
</div>
`;
